// Jest Snapshot v1, https://goo.gl/fbAQLP

exports[`Render: InputTexto 1`] = `
<TextInput
  onBlur={[Function]}
  onFocus={[Function]}
  placeholder="teste"
  placeholderTextColor="#626262"
  style={
    [
      {
        "backgroundColor": "#ffc2c2",
        "borderColor": "#ff0000",
        "borderRadius": 9,
        "borderWidth": 3,
        "fontFamily": "poppins-regular",
        "fontSize": 22.94694968835727,
        "marginVertical": 9,
        "padding": 18,
      },
      false,
    ]
  }
  value=""
/>
`;
